// Jest Snapshot v1, https://goo.gl/fbAQLP

exports[`Footer Renders Footer with default Props 1`] = `
<ForwardRef($6c848be8e8bffe98$var$View)
  height="size-400"
  paddingX="size-150"
  paddingY="size-75"
>
  <ForwardRef($a2ef5497697e8437$var$Flex)
    alignItems="center"
    justifyContent="end"
  >
    <ForwardRef($1efae25dd196d679$var$Text)>
      Dx26
       
      ©
       2021
    </ForwardRef($1efae25dd196d679$var$Text)>
  </ForwardRef($a2ef5497697e8437$var$Flex)>
</ForwardRef($6c848be8e8bffe98$var$View)>
`;
