// Jest Snapshot v1, https://goo.gl/fbAQLP

exports[`Header tests should render header component and have HTML header tag 1`] = `
<Fragment>
  <ForwardRef($cb4e2cb36ae5e3ab01f62ab7d1672c67$var$View)
    backgroundColor="default"
    padding="size-150"
  >
    <header>
      <ForwardRef($e9098d18abf2a118bc3bc95f0d402bb5$var$Flex)
        alignSelf="center"
        justifyContent="space-between"
      >
        <ForwardRef($e9098d18abf2a118bc3bc95f0d402bb5$var$Flex)
          alignItems="center"
          justifyContent="center"
        >
          <Link
            style={
              Object {
                "color": "black",
              }
            }
            to="/"
          >
            <Logo />
          </Link>
        </ForwardRef($e9098d18abf2a118bc3bc95f0d402bb5$var$Flex)>
        <ForwardRef($e9098d18abf2a118bc3bc95f0d402bb5$var$Flex)
          justifyContent="end"
        />
      </ForwardRef($e9098d18abf2a118bc3bc95f0d402bb5$var$Flex)>
      <div
        style={
          Object {
            "position": "absolute",
            "right": "-10px",
            "top": "12px",
          }
        }
      >
         
        <DataStudioAvatar />
      </div>
    </header>
  </ForwardRef($cb4e2cb36ae5e3ab01f62ab7d1672c67$var$View)>
</Fragment>
`;
