// Jest Snapshot v1, https://goo.gl/fbAQLP

exports[`Header tests should render header component and have HTML header tag 1`] = `
<Fragment>
  <ForwardRef($6c848be8e8bffe98$var$View)
    backgroundColor="default"
    padding="size-150"
  >
    <header>
      <ForwardRef($a2ef5497697e8437$var$Flex)
        alignSelf="center"
        justifyContent="space-between"
      >
        <ForwardRef($a2ef5497697e8437$var$Flex)
          alignItems="center"
          justifyContent="center"
        >
          <Link
            style={
              Object {
                "color": "black",
                "marginRight": "10px",
              }
            }
            to="/"
          >
            <Logo />
          </Link>
        </ForwardRef($a2ef5497697e8437$var$Flex)>
        <ForwardRef($a2ef5497697e8437$var$Flex)
          justifyContent="end"
        />
      </ForwardRef($a2ef5497697e8437$var$Flex)>
      <div
        style={
          Object {
            "position": "absolute",
            "right": "-10px",
            "top": "8px",
          }
        }
      >
         
        <DataStudioAvatar />
      </div>
    </header>
  </ForwardRef($6c848be8e8bffe98$var$View)>
</Fragment>
`;
