// Jest Snapshot v1, https://goo.gl/fbAQLP

exports[`Header popover tests should render component 1`] = `
<Fragment>
  <ForwardRef($cb4e2cb36ae5e3ab01f62ab7d1672c67$var$View)
    marginEnd="size-300"
  >
    <button
      className="header-icon"
      onClick={[Function]}
    >
      &lt;i class='sample-icon' /&gt;
    </button>
  </ForwardRef($cb4e2cb36ae5e3ab01f62ab7d1672c67$var$View)>
</Fragment>
`;
