// Jest Snapshot v1, https://goo.gl/fbAQLP

exports[`Notifications test should render as expected 1`] = `
<Notifications>
  <$e8eede229dc4bb152d31b6896bc207be$var$DialogTrigger
    type="popover"
  >
    <$e8eede229dc4bb152d31b6896bc207be$var$PopoverTrigger
      content={
        <ForwardRef($c24df1e30ea6d5a25486b1eedd756cd$var$Dialog)>
          <ForwardRef($a76c0421a0242146b7d397a8ac50$var$Heading)>
            Notifications
          </ForwardRef($a76c0421a0242146b7d397a8ac50$var$Heading)>
          <ForwardRef($e4a3649e5820982ed2d66266f2$var$Divider) />
          <ForwardRef($b1630a1ad5492629b7ba4ec7eeabf6d2$var$Content)>
            <ForwardRef($fe1955053990ab873941970c7463$var$Text)>
              Notifications body
            </ForwardRef($fe1955053990ab873941970c7463$var$Text)>
          </ForwardRef($b1630a1ad5492629b7ba4ec7eeabf6d2$var$Content)>
        </ForwardRef($c24df1e30ea6d5a25486b1eedd756cd$var$Dialog)>
      }
      state={
        Object {
          "close": [Function],
          "isOpen": false,
          "open": [Function],
          "toggle": [Function],
        }
      }
      trigger={
        <ForwardRef($f3063a10f4b2c05148061fca201b$var$ActionButton)
          aria-label="Notifications"
          isQuiet={true}
          marginEnd="size-200"
        >
          <Bell
            size="M"
          />
        </ForwardRef($f3063a10f4b2c05148061fca201b$var$ActionButton)>
      }
    >
      <$e8eede229dc4bb152d31b6896bc207be$var$DialogTriggerBase
        dialogProps={
          Object {
            "id": "react-aria-7686275397-1",
          }
        }
        overlay={
          <ForwardRef($cb5ac2f1b271cf568ded3aa34c88ecd$var$Popover)
            UNSAFE_style={
              Object {
                "maxHeight": undefined,
                "position": "absolute",
                "zIndex": 100000,
              }
            }
            arrowProps={
              Object {
                "style": Object {
                  "left": undefined,
                  "top": undefined,
                },
              }
            }
            isOpen={false}
            onClose={[Function]}
          >
            <ForwardRef($c24df1e30ea6d5a25486b1eedd756cd$var$Dialog)>
              <ForwardRef($a76c0421a0242146b7d397a8ac50$var$Heading)>
                Notifications
              </ForwardRef($a76c0421a0242146b7d397a8ac50$var$Heading)>
              <ForwardRef($e4a3649e5820982ed2d66266f2$var$Divider) />
              <ForwardRef($b1630a1ad5492629b7ba4ec7eeabf6d2$var$Content)>
                <ForwardRef($fe1955053990ab873941970c7463$var$Text)>
                  Notifications body
                </ForwardRef($fe1955053990ab873941970c7463$var$Text)>
              </ForwardRef($b1630a1ad5492629b7ba4ec7eeabf6d2$var$Content)>
            </ForwardRef($c24df1e30ea6d5a25486b1eedd756cd$var$Dialog)>
          </ForwardRef($cb5ac2f1b271cf568ded3aa34c88ecd$var$Popover)>
        }
        state={
          Object {
            "close": [Function],
            "isOpen": false,
            "open": [Function],
            "toggle": [Function],
          }
        }
        trigger={
          <ForwardRef($f3063a10f4b2c05148061fca201b$var$ActionButton)
            aria-label="Notifications"
            isQuiet={true}
            marginEnd="size-200"
          >
            <Bell
              size="M"
            />
          </ForwardRef($f3063a10f4b2c05148061fca201b$var$ActionButton)>
        }
        triggerProps={
          Object {
            "aria-controls": null,
            "aria-expanded": false,
            "aria-haspopup": undefined,
            "ref": Object {
              "current": <button
                aria-expanded="false"
                aria-label="Notifications"
                class="_spectrum-ActionButton_7a745 _spectrum-ActionButton--quiet_7a745"
                type="button"
              >
                <svg
                  aria-hidden="true"
                  class="_spectrum-Icon_8ac98 _spectrum-Icon--sizeM_8ac98 _spectrum-Icon_7a745"
                  focusable="false"
                  role="img"
                  viewBox="0 0 36 36"
                >
                  <path
                    d="M18 36a4.406 4.406 0 0 0 4-4h-8a4.406 4.406 0 0 0 4 4zM27.143 11.385c0-3.437-3.206-4.891-7.143-5.268V3a1.079 1.079 0 0 0-1.143-1h-1.714A1.079 1.079 0 0 0 16 3v3.117c-3.937.377-7.143 1.831-7.143 5.268C8.857 26.8 4 26.111 4 28.154V30h28v-1.846C32 26 27.143 26.8 27.143 11.385z"
                  />
                </svg>
              </button>,
            },
          }
        }
        type="popover"
      >
        <ForwardRef
          aria-controls={null}
          aria-expanded={false}
          isPressed={false}
          onPress={[Function]}
        >
          <ForwardRef($f3063a10f4b2c05148061fca201b$var$ActionButton)
            aria-label="Notifications"
            isQuiet={true}
            marginEnd="size-200"
          >
            <FocusRing
              focusRingClass="_focus-ring_7a745"
            >
              <button
                aria-controls={null}
                aria-expanded={false}
                aria-label="Notifications"
                className="_spectrum-ActionButton_7a745 _spectrum-ActionButton--quiet_7a745"
                onBlur={[Function]}
                onClick={[Function]}
                onFocus={[Function]}
                onKeyDown={[Function]}
                onKeyUp={[Function]}
                onMouseDown={[Function]}
                onMouseEnter={[Function]}
                onMouseLeave={[Function]}
                onMouseUp={[Function]}
                onTouchCancel={[Function]}
                onTouchEnd={[Function]}
                onTouchMove={[Function]}
                onTouchStart={[Function]}
                style={
                  Object {
                    "marginRight": "var(--spectrum-global-dimension-size-200, var(--spectrum-alias-size-200))",
                  }
                }
                type="button"
              >
                <SlotProvider
                  slots={
                    Object {
                      "icon": Object {
                        "UNSAFE_className": "_spectrum-Icon_7a745",
                        "size": "S",
                      },
                      "text": Object {
                        "UNSAFE_className": "_spectrum-ActionButton-label_7a745",
                      },
                    }
                  }
                >
                  <Bell
                    size="M"
                  >
                    <Icon
                      size="M"
                    >
                      <A4uBell
                        aria-hidden={true}
                        className="_spectrum-Icon_8ac98 _spectrum-Icon--sizeM_8ac98 _spectrum-Icon_7a745"
                        focusable="false"
                        role="img"
                        style={Object {}}
                      >
                        <svg
                          aria-hidden={true}
                          className="_spectrum-Icon_8ac98 _spectrum-Icon--sizeM_8ac98 _spectrum-Icon_7a745"
                          focusable="false"
                          role="img"
                          style={Object {}}
                          viewBox="0 0 36 36"
                        >
                          <path
                            d="M18 36a4.406 4.406 0 0 0 4-4h-8a4.406 4.406 0 0 0 4 4zM27.143 11.385c0-3.437-3.206-4.891-7.143-5.268V3a1.079 1.079 0 0 0-1.143-1h-1.714A1.079 1.079 0 0 0 16 3v3.117c-3.937.377-7.143 1.831-7.143 5.268C8.857 26.8 4 26.111 4 28.154V30h28v-1.846C32 26 27.143 26.8 27.143 11.385z"
                          />
                        </svg>
                      </A4uBell>
                    </Icon>
                  </Bell>
                </SlotProvider>
              </button>
            </FocusRing>
          </ForwardRef($f3063a10f4b2c05148061fca201b$var$ActionButton)>
        </ForwardRef>
        <ForwardRef($cb5ac2f1b271cf568ded3aa34c88ecd$var$Popover)
          UNSAFE_style={
            Object {
              "maxHeight": undefined,
              "position": "absolute",
              "zIndex": 100000,
            }
          }
          arrowProps={
            Object {
              "style": Object {
                "left": undefined,
                "top": undefined,
              },
            }
          }
          isOpen={false}
          onClose={[Function]}
        >
          <ForwardRef($d0270a5a2198467ee027b9df554cc09$var$Overlay)
            UNSAFE_style={
              Object {
                "maxHeight": undefined,
                "position": "absolute",
                "zIndex": 100000,
              }
            }
            isOpen={false}
          />
        </ForwardRef($cb5ac2f1b271cf568ded3aa34c88ecd$var$Popover)>
      </$e8eede229dc4bb152d31b6896bc207be$var$DialogTriggerBase>
    </$e8eede229dc4bb152d31b6896bc207be$var$PopoverTrigger>
  </$e8eede229dc4bb152d31b6896bc207be$var$DialogTrigger>
</Notifications>
`;
