// Jest Snapshot v1, https://goo.gl/fbAQLP

exports[`Login Footer Renders Login Footer 1`] = `
<ForwardRef($a2ef5497697e8437$var$Flex)
  direction="row-reverse"
>
  <ForwardRef($1efae25dd196d679$var$Text)
    marginEnd="size-300"
  >
    Dx26
     
    ©
     
    2022
  </ForwardRef($1efae25dd196d679$var$Text)>
</ForwardRef($a2ef5497697e8437$var$Flex)>
`;
