// Jest Snapshot v1, https://goo.gl/fbAQLP

exports[`Login Top Text Renders Login Top Text 1`] = `
<ForwardRef($a2ef5497697e8437$var$Flex)
  direction="row-reverse"
  margin="size-600"
>
  <ForwardRef($1efae25dd196d679$var$Text)>
    <span
      className="spectrum-Heading spectrum-Heading--sizeL"
    >
      Dx26
    </span>
  </ForwardRef($1efae25dd196d679$var$Text)>
</ForwardRef($a2ef5497697e8437$var$Flex)>
`;
